// Vitest Snapshot v1, https://vitest.dev/guide/snapshot.html

exports[`test htmlTransform > htmlTransform test 1`] = `"<span>hi</span><p class="_ee" age="19">hello</p><span>你好</span><view onTap="xx"></view>"`;
